// Jest Snapshot v1, https://goo.gl/fbAQLP

exports[`Chart component snapshot testing 1`] = `
<div
  className="chart-container"
/>
`;
